[17:13:34][jominiapplication.cpp:539]: Changing game speed to: 4
[17:15:35][jominiapplication.cpp:539]: Pause Toggled! Paused: false, PlayerID: 0
[17:15:35][jominiapplication.cpp:539]: Processing Tick: 1884.2.28
[17:15:36][jominiapplication.cpp:539]: Processing Tick: 1884.2.28.6
[17:15:36][jominiapplication.cpp:539]: Processing Tick: 1884.2.28.12
[17:15:36][jominiapplication.cpp:539]: Processing Tick: 1884.2.28.18
[17:15:36][jominiapplication.cpp:539]: Processing Tick: 1884.3.1
[17:15:39][jominiapplication.cpp:539]: Processing Tick: 1884.3.1.6
[17:15:39][jominiapplication.cpp:539]: Processing Tick: 1884.3.1.12
[17:15:39][jominiapplication.cpp:539]: Processing Tick: 1884.3.1.18
[17:15:39][jominiapplication.cpp:539]: Processing Tick: 1884.3.2
[17:15:39][jominiapplication.cpp:539]: Processing Tick: 1884.3.2.6
[17:15:39][jominiapplication.cpp:539]: Processing Tick: 1884.3.2.12
[17:15:39][jominiapplication.cpp:539]: Processing Tick: 1884.3.2.18
[17:15:39][jominiapplication.cpp:539]: Processing Tick: 1884.3.3
[17:15:40][jominiapplication.cpp:539]: Processing Tick: 1884.3.3.6
[17:15:40][jominiapplication.cpp:539]: Processing Tick: 1884.3.3.12
[17:15:40][jominiapplication.cpp:539]: Processing Tick: 1884.3.3.18
[17:15:40][jominiapplication.cpp:539]: Processing Tick: 1884.3.4
[17:15:41][jominiapplication.cpp:539]: Processing Tick: 1884.3.4.6
[17:15:41][jominiapplication.cpp:539]: Processing Tick: 1884.3.4.12
[17:15:41][jominiapplication.cpp:539]: Processing Tick: 1884.3.4.18
[17:15:41][jominiapplication.cpp:539]: Processing Tick: 1884.3.5
[17:15:41][jominiapplication.cpp:539]: Processing Tick: 1884.3.5.6
[17:15:41][jominiapplication.cpp:539]: Processing Tick: 1884.3.5.12
[17:15:41][jominiapplication.cpp:539]: Processing Tick: 1884.3.5.18
[17:15:41][jominiapplication.cpp:539]: Processing Tick: 1884.3.6
[17:15:42][jominiapplication.cpp:539]: Processing Tick: 1884.3.6.6
[17:15:42][jominiapplication.cpp:539]: Processing Tick: 1884.3.6.12
[17:15:42][jominiapplication.cpp:539]: Processing Tick: 1884.3.6.18
[17:15:42][jominiapplication.cpp:539]: Processing Tick: 1884.3.7
[17:15:42][jominiapplication.cpp:539]: Processing Tick: 1884.3.7.6
[17:15:42][jominiapplication.cpp:539]: Processing Tick: 1884.3.7.12
[17:15:42][jominiapplication.cpp:539]: Processing Tick: 1884.3.7.18
[17:15:42][jominiapplication.cpp:539]: Processing Tick: 1884.3.8
[17:15:42][jominiapplication.cpp:539]: Processing Tick: 1884.3.8.6
[17:15:42][jominiapplication.cpp:539]: Processing Tick: 1884.3.8.12
[17:15:42][jominiapplication.cpp:539]: Processing Tick: 1884.3.8.18
[17:15:42][jominiapplication.cpp:539]: Processing Tick: 1884.3.9
[17:15:42][jominiapplication.cpp:539]: Processing Tick: 1884.3.9.6
[17:15:43][jominiapplication.cpp:539]: Processing Tick: 1884.3.9.12
[17:15:43][jominiapplication.cpp:539]: Processing Tick: 1884.3.9.18
[17:15:43][jominiapplication.cpp:539]: Processing Tick: 1884.3.10
[17:15:43][jominiapplication.cpp:539]: Processing Tick: 1884.3.10.6
[17:15:43][jominiapplication.cpp:539]: Processing Tick: 1884.3.10.12
[17:15:43][jominiapplication.cpp:539]: Processing Tick: 1884.3.10.18
[17:15:43][jominiapplication.cpp:539]: Processing Tick: 1884.3.11
[17:15:44][jominiapplication.cpp:539]: Processing Tick: 1884.3.11.6
[17:15:44][jominiapplication.cpp:539]: Processing Tick: 1884.3.11.12
[17:15:44][jominiapplication.cpp:539]: Processing Tick: 1884.3.11.18
[17:15:44][jominiapplication.cpp:539]: Processing Tick: 1884.3.12
[17:15:44][jominiapplication.cpp:539]: Processing Tick: 1884.3.12.6
[17:15:44][jominiapplication.cpp:539]: Processing Tick: 1884.3.12.12
[17:15:44][jominiapplication.cpp:539]: Processing Tick: 1884.3.12.18
[17:15:44][jominiapplication.cpp:539]: Processing Tick: 1884.3.13
[17:15:44][jominiapplication.cpp:539]: Processing Tick: 1884.3.13.6
[17:15:44][jominiapplication.cpp:539]: Processing Tick: 1884.3.13.12
[17:15:44][jominiapplication.cpp:539]: Processing Tick: 1884.3.13.18
[17:15:44][jominiapplication.cpp:539]: Processing Tick: 1884.3.14
[17:15:45][jominiapplication.cpp:539]: Processing Tick: 1884.3.14.6
[17:15:45][jominiapplication.cpp:539]: Processing Tick: 1884.3.14.12
[17:15:45][jominiapplication.cpp:539]: Processing Tick: 1884.3.14.18
[17:15:45][jominiapplication.cpp:539]: Processing Tick: 1884.3.15
[17:15:45][jominiapplication.cpp:539]: Processing Tick: 1884.3.15.6
[17:15:45][jominiapplication.cpp:539]: Processing Tick: 1884.3.15.12
[17:15:45][jominiapplication.cpp:539]: Processing Tick: 1884.3.15.18
[17:15:45][jominiapplication.cpp:539]: Processing Tick: 1884.3.16
[17:15:45][jominiapplication.cpp:539]: Processing Tick: 1884.3.16.6
[17:15:45][jominiapplication.cpp:539]: Processing Tick: 1884.3.16.12
[17:15:45][jominiapplication.cpp:539]: Processing Tick: 1884.3.16.18
[17:15:45][jominiapplication.cpp:539]: Processing Tick: 1884.3.17
[17:15:45][jominiapplication.cpp:539]: Processing Tick: 1884.3.17.6
[17:15:45][jominiapplication.cpp:539]: Processing Tick: 1884.3.17.12
[17:15:46][jominiapplication.cpp:539]: Processing Tick: 1884.3.17.18
[17:15:46][jominiapplication.cpp:539]: Processing Tick: 1884.3.18
[17:15:46][jominiapplication.cpp:539]: Processing Tick: 1884.3.18.6
[17:15:46][jominiapplication.cpp:539]: Processing Tick: 1884.3.18.12
[17:15:46][jominiapplication.cpp:539]: Processing Tick: 1884.3.18.18
[17:15:47][jominiapplication.cpp:539]: Processing Tick: 1884.3.19
[17:15:47][jominiapplication.cpp:539]: Processing Tick: 1884.3.19.6
[17:15:47][jominiapplication.cpp:539]: Processing Tick: 1884.3.19.12
[17:15:47][jominiapplication.cpp:539]: Processing Tick: 1884.3.19.18
[17:15:47][jominiapplication.cpp:539]: Processing Tick: 1884.3.20
[17:15:47][jominiapplication.cpp:539]: Processing Tick: 1884.3.20.6
[17:15:47][jominiapplication.cpp:539]: Processing Tick: 1884.3.20.12
[17:15:47][jominiapplication.cpp:539]: Processing Tick: 1884.3.20.18
[17:15:47][jominiapplication.cpp:539]: Processing Tick: 1884.3.21
[17:15:47][jominiapplication.cpp:539]: Processing Tick: 1884.3.21.6
[17:15:47][jominiapplication.cpp:539]: Processing Tick: 1884.3.21.12
[17:15:47][jominiapplication.cpp:539]: Processing Tick: 1884.3.21.18
[17:15:47][jominiapplication.cpp:539]: Processing Tick: 1884.3.22
[17:15:48][jominiapplication.cpp:539]: Processing Tick: 1884.3.22.6
[17:15:48][jominiapplication.cpp:539]: Processing Tick: 1884.3.22.12
[17:15:48][jominiapplication.cpp:539]: Processing Tick: 1884.3.22.18
[17:15:48][jominiapplication.cpp:539]: Processing Tick: 1884.3.23
[17:15:48][jominiapplication.cpp:539]: Processing Tick: 1884.3.23.6
[17:15:48][jominiapplication.cpp:539]: Processing Tick: 1884.3.23.12
[17:15:48][jominiapplication.cpp:539]: Processing Tick: 1884.3.23.18
[17:15:48][jominiapplication.cpp:539]: Processing Tick: 1884.3.24
[17:15:48][jominiapplication.cpp:539]: Processing Tick: 1884.3.24.6
[17:15:48][jominiapplication.cpp:539]: Processing Tick: 1884.3.24.12
[17:15:48][jominiapplication.cpp:539]: Processing Tick: 1884.3.24.18
[17:15:48][jominiapplication.cpp:539]: Processing Tick: 1884.3.25
[17:15:49][jominiapplication.cpp:539]: Processing Tick: 1884.3.25.6
[17:15:49][jominiapplication.cpp:539]: Processing Tick: 1884.3.25.12
[17:15:49][jominiapplication.cpp:539]: Processing Tick: 1884.3.25.18
[17:15:49][jominiapplication.cpp:539]: Processing Tick: 1884.3.26
[17:15:49][jominiapplication.cpp:539]: Pause Toggled! Paused: true, PlayerID: 1
[17:16:30][jominiapplication.cpp:539]: Pause Toggled! Paused: false, PlayerID: 0
[17:16:30][jominiapplication.cpp:539]: Processing Tick: 1884.3.26.6
[17:16:30][jominiapplication.cpp:539]: Processing Tick: 1884.3.26.12
[17:16:30][jominiapplication.cpp:539]: Processing Tick: 1884.3.26.18
[17:16:30][jominiapplication.cpp:539]: Processing Tick: 1884.3.27
[17:16:30][jominiapplication.cpp:539]: Processing Tick: 1884.3.27.6
[17:16:30][jominiapplication.cpp:539]: Processing Tick: 1884.3.27.12
[17:16:30][jominiapplication.cpp:539]: Processing Tick: 1884.3.27.18
[17:16:30][jominiapplication.cpp:539]: Processing Tick: 1884.3.28
[17:16:30][jominiapplication.cpp:539]: Processing Tick: 1884.3.28.6
[17:16:30][jominiapplication.cpp:539]: Processing Tick: 1884.3.28.12
[17:16:30][jominiapplication.cpp:539]: Processing Tick: 1884.3.28.18
[17:16:30][jominiapplication.cpp:539]: Processing Tick: 1884.3.29
[17:16:30][jominiapplication.cpp:539]: Processing Tick: 1884.3.29.6
[17:16:31][jominiapplication.cpp:539]: Processing Tick: 1884.3.29.12
[17:16:31][jominiapplication.cpp:539]: Processing Tick: 1884.3.29.18
[17:16:31][jominiapplication.cpp:539]: Processing Tick: 1884.3.30
[17:16:31][jominiapplication.cpp:539]: Processing Tick: 1884.3.30.6
[17:16:31][jominiapplication.cpp:539]: Processing Tick: 1884.3.30.12
[17:16:31][jominiapplication.cpp:539]: Processing Tick: 1884.3.30.18
[17:16:31][jominiapplication.cpp:539]: Processing Tick: 1884.3.31
[17:16:31][jominiapplication.cpp:539]: Processing Tick: 1884.3.31.6
[17:16:31][jominiapplication.cpp:539]: Processing Tick: 1884.3.31.12
[17:16:31][jominiapplication.cpp:539]: Processing Tick: 1884.3.31.18
[17:16:31][jominiapplication.cpp:539]: Processing Tick: 1884.4.1
[17:16:34][jominiapplication.cpp:539]: Processing Tick: 1884.4.1.6
[17:16:34][jominiapplication.cpp:539]: Processing Tick: 1884.4.1.12
[17:16:34][jominiapplication.cpp:539]: Processing Tick: 1884.4.1.18
[17:16:34][jominiapplication.cpp:539]: Processing Tick: 1884.4.2
[17:16:34][jominiapplication.cpp:539]: Processing Tick: 1884.4.2.6
[17:16:34][jominiapplication.cpp:539]: Processing Tick: 1884.4.2.12
[17:16:34][jominiapplication.cpp:539]: Processing Tick: 1884.4.2.18
[17:16:34][jominiapplication.cpp:539]: Processing Tick: 1884.4.3
[17:16:35][jominiapplication.cpp:539]: Processing Tick: 1884.4.3.6
[17:16:35][jominiapplication.cpp:539]: Processing Tick: 1884.4.3.12
[17:16:35][jominiapplication.cpp:539]: Processing Tick: 1884.4.3.18
[17:16:35][jominiapplication.cpp:539]: Processing Tick: 1884.4.4
[17:16:35][jominiapplication.cpp:539]: Processing Tick: 1884.4.4.6
[17:16:35][jominiapplication.cpp:539]: Processing Tick: 1884.4.4.12
[17:16:35][jominiapplication.cpp:539]: Processing Tick: 1884.4.4.18
[17:16:35][jominiapplication.cpp:539]: Processing Tick: 1884.4.5
[17:16:35][jominiapplication.cpp:539]: Processing Tick: 1884.4.5.6
[17:16:35][jominiapplication.cpp:539]: Processing Tick: 1884.4.5.12
[17:16:35][jominiapplication.cpp:539]: Processing Tick: 1884.4.5.18
[17:16:35][jominiapplication.cpp:539]: Processing Tick: 1884.4.6
[17:16:35][jominiapplication.cpp:539]: Processing Tick: 1884.4.6.6
[17:16:35][jominiapplication.cpp:539]: Processing Tick: 1884.4.6.12
[17:16:35][jominiapplication.cpp:539]: Processing Tick: 1884.4.6.18
[17:16:36][jominiapplication.cpp:539]: Processing Tick: 1884.4.7
[17:16:36][jominiapplication.cpp:539]: Processing Tick: 1884.4.7.6
[17:16:36][jominiapplication.cpp:539]: Processing Tick: 1884.4.7.12
[17:16:36][jominiapplication.cpp:539]: Processing Tick: 1884.4.7.18
[17:16:36][jominiapplication.cpp:539]: Processing Tick: 1884.4.8
[17:16:36][jominiapplication.cpp:539]: Processing Tick: 1884.4.8.6
[17:16:37][jominiapplication.cpp:539]: Processing Tick: 1884.4.8.12
[17:16:37][jominiapplication.cpp:539]: Processing Tick: 1884.4.8.18
[17:16:37][jominiapplication.cpp:539]: Processing Tick: 1884.4.9
[17:16:37][jominiapplication.cpp:539]: Processing Tick: 1884.4.9.6
[17:16:37][jominiapplication.cpp:539]: Processing Tick: 1884.4.9.12
[17:16:37][jominiapplication.cpp:539]: Processing Tick: 1884.4.9.18
[17:16:37][jominiapplication.cpp:539]: Processing Tick: 1884.4.10
[17:16:37][jominiapplication.cpp:539]: Processing Tick: 1884.4.10.6
[17:16:37][jominiapplication.cpp:539]: Processing Tick: 1884.4.10.12
[17:16:37][jominiapplication.cpp:539]: Processing Tick: 1884.4.10.18
[17:16:37][jominiapplication.cpp:539]: Processing Tick: 1884.4.11
[17:16:38][jominiapplication.cpp:539]: Processing Tick: 1884.4.11.6
[17:16:38][jominiapplication.cpp:539]: Processing Tick: 1884.4.11.12
[17:16:38][jominiapplication.cpp:539]: Processing Tick: 1884.4.11.18
[17:16:38][jominiapplication.cpp:539]: Processing Tick: 1884.4.12
[17:16:38][jominiapplication.cpp:539]: Processing Tick: 1884.4.12.6
[17:16:38][jominiapplication.cpp:539]: Processing Tick: 1884.4.12.12
[17:16:38][jominiapplication.cpp:539]: Processing Tick: 1884.4.12.18
[17:16:38][jominiapplication.cpp:539]: Processing Tick: 1884.4.13
[17:16:38][jominiapplication.cpp:539]: Processing Tick: 1884.4.13.6
[17:16:38][jominiapplication.cpp:539]: Processing Tick: 1884.4.13.12
[17:16:38][jominiapplication.cpp:539]: Processing Tick: 1884.4.13.18
[17:16:38][jominiapplication.cpp:539]: Processing Tick: 1884.4.14
[17:16:38][jominiapplication.cpp:539]: Processing Tick: 1884.4.14.6
[17:16:38][jominiapplication.cpp:539]: Processing Tick: 1884.4.14.12
[17:16:38][jominiapplication.cpp:539]: Processing Tick: 1884.4.14.18
[17:16:39][jominiapplication.cpp:539]: Processing Tick: 1884.4.15
[17:16:39][jominiapplication.cpp:539]: Processing Tick: 1884.4.15.6
[17:16:39][jominiapplication.cpp:539]: Processing Tick: 1884.4.15.12
[17:16:39][jominiapplication.cpp:539]: Processing Tick: 1884.4.15.18
[17:16:39][jominiapplication.cpp:539]: Processing Tick: 1884.4.16
[17:16:40][jominiapplication.cpp:539]: Processing Tick: 1884.4.16.6
[17:16:40][jominiapplication.cpp:539]: Processing Tick: 1884.4.16.12
[17:16:40][jominiapplication.cpp:539]: Processing Tick: 1884.4.16.18
[17:16:40][jominiapplication.cpp:539]: Processing Tick: 1884.4.17
[17:16:40][jominiapplication.cpp:539]: Processing Tick: 1884.4.17.6
[17:16:40][jominiapplication.cpp:539]: Processing Tick: 1884.4.17.12
[17:16:40][jominiapplication.cpp:539]: Processing Tick: 1884.4.17.18
[17:16:40][jominiapplication.cpp:539]: Processing Tick: 1884.4.18
[17:16:41][jominiapplication.cpp:539]: Processing Tick: 1884.4.18.6
[17:16:41][jominiapplication.cpp:539]: Processing Tick: 1884.4.18.12
[17:16:41][jominiapplication.cpp:539]: Processing Tick: 1884.4.18.18
[17:16:41][jominiapplication.cpp:539]: Processing Tick: 1884.4.19
[17:16:41][jominiapplication.cpp:539]: Processing Tick: 1884.4.19.6
[17:16:41][jominiapplication.cpp:539]: Processing Tick: 1884.4.19.12
[17:16:41][jominiapplication.cpp:539]: Processing Tick: 1884.4.19.18
[17:16:41][jominiapplication.cpp:539]: Processing Tick: 1884.4.20
[17:16:41][jominiapplication.cpp:539]: Processing Tick: 1884.4.20.6
[17:16:41][jominiapplication.cpp:539]: Processing Tick: 1884.4.20.12
[17:16:41][jominiapplication.cpp:539]: Processing Tick: 1884.4.20.18
[17:16:41][jominiapplication.cpp:539]: Processing Tick: 1884.4.21
[17:16:41][jominiapplication.cpp:539]: Processing Tick: 1884.4.21.6
[17:16:41][jominiapplication.cpp:539]: Processing Tick: 1884.4.21.12
[17:16:42][jominiapplication.cpp:539]: Processing Tick: 1884.4.21.18
[17:16:42][jominiapplication.cpp:539]: Processing Tick: 1884.4.22
[17:16:42][jominiapplication.cpp:539]: Processing Tick: 1884.4.22.6
[17:16:42][jominiapplication.cpp:539]: Processing Tick: 1884.4.22.12
[17:16:42][jominiapplication.cpp:539]: Processing Tick: 1884.4.22.18
[17:16:42][jominiapplication.cpp:539]: Processing Tick: 1884.4.23
[17:16:43][jominiapplication.cpp:539]: Processing Tick: 1884.4.23.6
[17:16:43][jominiapplication.cpp:539]: Processing Tick: 1884.4.23.12
[17:16:43][jominiapplication.cpp:539]: Processing Tick: 1884.4.23.18
[17:16:43][jominiapplication.cpp:539]: Processing Tick: 1884.4.24
[17:16:43][jominiapplication.cpp:539]: Processing Tick: 1884.4.24.6
[17:16:43][jominiapplication.cpp:539]: Processing Tick: 1884.4.24.12
[17:16:43][jominiapplication.cpp:539]: Processing Tick: 1884.4.24.18
[17:16:43][jominiapplication.cpp:539]: Processing Tick: 1884.4.25
[17:16:43][jominiapplication.cpp:539]: Processing Tick: 1884.4.25.6
[17:16:43][jominiapplication.cpp:539]: Processing Tick: 1884.4.25.12
[17:16:43][jominiapplication.cpp:539]: Processing Tick: 1884.4.25.18
[17:16:43][jominiapplication.cpp:539]: Processing Tick: 1884.4.26
[17:16:43][jominiapplication.cpp:539]: Processing Tick: 1884.4.26.6
[17:16:43][jominiapplication.cpp:539]: Processing Tick: 1884.4.26.12
[17:16:43][jominiapplication.cpp:539]: Processing Tick: 1884.4.26.18
[17:16:43][jominiapplication.cpp:539]: Processing Tick: 1884.4.27
[17:16:44][jominiapplication.cpp:539]: Processing Tick: 1884.4.27.6
[17:16:44][jominiapplication.cpp:539]: Processing Tick: 1884.4.27.12
[17:16:44][jominiapplication.cpp:539]: Processing Tick: 1884.4.27.18
[17:16:44][jominiapplication.cpp:539]: Processing Tick: 1884.4.28
[17:16:44][jominiapplication.cpp:539]: Processing Tick: 1884.4.28.6
[17:16:44][jominiapplication.cpp:539]: Processing Tick: 1884.4.28.12
[17:16:44][jominiapplication.cpp:539]: Processing Tick: 1884.4.28.18
[17:16:44][jominiapplication.cpp:539]: Processing Tick: 1884.4.29
[17:16:44][jominiapplication.cpp:539]: Processing Tick: 1884.4.29.6
[17:16:45][jominiapplication.cpp:539]: Processing Tick: 1884.4.29.12
[17:16:45][jominiapplication.cpp:539]: Processing Tick: 1884.4.29.18
[17:16:45][jominiapplication.cpp:539]: Processing Tick: 1884.4.30
[17:16:45][jominiapplication.cpp:539]: Pause Toggled! Paused: true, PlayerID: 1
[17:17:04][jominiapplication.cpp:539]: Pause Toggled! Paused: false, PlayerID: 0
[17:17:04][jominiapplication.cpp:539]: Processing Tick: 1884.4.30.6
[17:17:04][jominiapplication.cpp:539]: Processing Tick: 1884.4.30.12
[17:17:04][jominiapplication.cpp:539]: Processing Tick: 1884.4.30.18
[17:17:04][jominiapplication.cpp:539]: Processing Tick: 1884.5.1
[17:17:06][jominiapplication.cpp:539]: Processing Tick: 1884.5.1.6
[17:17:06][jominiapplication.cpp:539]: Processing Tick: 1884.5.1.12
[17:17:06][jominiapplication.cpp:539]: Processing Tick: 1884.5.1.18
[17:17:06][jominiapplication.cpp:539]: Processing Tick: 1884.5.2
[17:17:06][jominiapplication.cpp:539]: Processing Tick: 1884.5.2.6
[17:17:06][jominiapplication.cpp:539]: Processing Tick: 1884.5.2.12
[17:17:06][jominiapplication.cpp:539]: Processing Tick: 1884.5.2.18
[17:17:06][jominiapplication.cpp:539]: Processing Tick: 1884.5.3
[17:17:07][jominiapplication.cpp:539]: Processing Tick: 1884.5.3.6
[17:17:07][jominiapplication.cpp:539]: Processing Tick: 1884.5.3.12
[17:17:07][jominiapplication.cpp:539]: Processing Tick: 1884.5.3.18
[17:17:07][jominiapplication.cpp:539]: Processing Tick: 1884.5.4
[17:17:07][jominiapplication.cpp:539]: Processing Tick: 1884.5.4.6
[17:17:07][jominiapplication.cpp:539]: Processing Tick: 1884.5.4.12
[17:17:07][jominiapplication.cpp:539]: Processing Tick: 1884.5.4.18
[17:17:07][jominiapplication.cpp:539]: Processing Tick: 1884.5.5
[17:17:07][jominiapplication.cpp:539]: Processing Tick: 1884.5.5.6
[17:17:07][jominiapplication.cpp:539]: Processing Tick: 1884.5.5.12
[17:17:07][jominiapplication.cpp:539]: Processing Tick: 1884.5.5.18
[17:17:07][jominiapplication.cpp:539]: Processing Tick: 1884.5.6
[17:17:08][jominiapplication.cpp:539]: Processing Tick: 1884.5.6.6
[17:17:08][jominiapplication.cpp:539]: Processing Tick: 1884.5.6.12
[17:17:08][jominiapplication.cpp:539]: Processing Tick: 1884.5.6.18
[17:17:08][jominiapplication.cpp:539]: Processing Tick: 1884.5.7
[17:17:08][jominiapplication.cpp:539]: Processing Tick: 1884.5.7.6
[17:17:08][jominiapplication.cpp:539]: Processing Tick: 1884.5.7.12
[17:17:08][jominiapplication.cpp:539]: Processing Tick: 1884.5.7.18
[17:17:08][jominiapplication.cpp:539]: Processing Tick: 1884.5.8
[17:17:08][jominiapplication.cpp:539]: Processing Tick: 1884.5.8.6
[17:17:09][jominiapplication.cpp:539]: Processing Tick: 1884.5.8.12
[17:17:09][jominiapplication.cpp:539]: Processing Tick: 1884.5.8.18
[17:17:09][jominiapplication.cpp:539]: Processing Tick: 1884.5.9
[17:17:09][jominiapplication.cpp:539]: Processing Tick: 1884.5.9.6
[17:17:09][jominiapplication.cpp:539]: Processing Tick: 1884.5.9.12
[17:17:09][jominiapplication.cpp:539]: Processing Tick: 1884.5.9.18
[17:17:09][jominiapplication.cpp:539]: Processing Tick: 1884.5.10
[17:17:09][jominiapplication.cpp:539]: Processing Tick: 1884.5.10.6
[17:17:09][jominiapplication.cpp:539]: Processing Tick: 1884.5.10.12
[17:17:09][jominiapplication.cpp:539]: Processing Tick: 1884.5.10.18
[17:17:09][jominiapplication.cpp:539]: Processing Tick: 1884.5.11
[17:17:09][jominiapplication.cpp:539]: Processing Tick: 1884.5.11.6
[17:17:09][jominiapplication.cpp:539]: Processing Tick: 1884.5.11.12
[17:17:09][jominiapplication.cpp:539]: Processing Tick: 1884.5.11.18
[17:17:09][jominiapplication.cpp:539]: Processing Tick: 1884.5.12
[17:17:10][jominiapplication.cpp:539]: Processing Tick: 1884.5.12.6
[17:17:10][jominiapplication.cpp:539]: Processing Tick: 1884.5.12.12
[17:17:10][jominiapplication.cpp:539]: Processing Tick: 1884.5.12.18
[17:17:10][jominiapplication.cpp:539]: Processing Tick: 1884.5.13
[17:17:10][jominiapplication.cpp:539]: Processing Tick: 1884.5.13.6
[17:17:10][jominiapplication.cpp:539]: Processing Tick: 1884.5.13.12
[17:17:10][jominiapplication.cpp:539]: Processing Tick: 1884.5.13.18
[17:17:10][jominiapplication.cpp:539]: Processing Tick: 1884.5.14
[17:17:11][jominiapplication.cpp:539]: Processing Tick: 1884.5.14.6
[17:17:11][jominiapplication.cpp:539]: Processing Tick: 1884.5.14.12
[17:17:11][jominiapplication.cpp:539]: Processing Tick: 1884.5.14.18
[17:17:11][jominiapplication.cpp:539]: Processing Tick: 1884.5.15
[17:17:11][jominiapplication.cpp:539]: Processing Tick: 1884.5.15.6
[17:17:11][jominiapplication.cpp:539]: Processing Tick: 1884.5.15.12
[17:17:11][jominiapplication.cpp:539]: Processing Tick: 1884.5.15.18
[17:17:11][jominiapplication.cpp:539]: Processing Tick: 1884.5.16
[17:17:11][jominiapplication.cpp:539]: Processing Tick: 1884.5.16.6
[17:17:11][jominiapplication.cpp:539]: Processing Tick: 1884.5.16.12
[17:17:11][jominiapplication.cpp:539]: Processing Tick: 1884.5.16.18
[17:17:11][jominiapplication.cpp:539]: Processing Tick: 1884.5.17
[17:17:11][jominiapplication.cpp:539]: Processing Tick: 1884.5.17.6
[17:17:12][jominiapplication.cpp:539]: Processing Tick: 1884.5.17.12
[17:17:12][jominiapplication.cpp:539]: Processing Tick: 1884.5.17.18
[17:17:12][jominiapplication.cpp:539]: Processing Tick: 1884.5.18
[17:17:12][jominiapplication.cpp:539]: Processing Tick: 1884.5.18.6
[17:17:12][jominiapplication.cpp:539]: Processing Tick: 1884.5.18.12
[17:17:12][jominiapplication.cpp:539]: Processing Tick: 1884.5.18.18
[17:17:12][jominiapplication.cpp:539]: Processing Tick: 1884.5.19
[17:17:12][jominiapplication.cpp:539]: Processing Tick: 1884.5.19.6
[17:17:12][jominiapplication.cpp:539]: Processing Tick: 1884.5.19.12
[17:17:12][jominiapplication.cpp:539]: Processing Tick: 1884.5.19.18
[17:17:12][jominiapplication.cpp:539]: Processing Tick: 1884.5.20
[17:17:13][jominiapplication.cpp:539]: Processing Tick: 1884.5.20.6
[17:17:13][jominiapplication.cpp:539]: Processing Tick: 1884.5.20.12
[17:17:13][jominiapplication.cpp:539]: Processing Tick: 1884.5.20.18
[17:17:13][jominiapplication.cpp:539]: Processing Tick: 1884.5.21
[17:17:13][jominiapplication.cpp:539]: Processing Tick: 1884.5.21.6
[17:17:13][jominiapplication.cpp:539]: Processing Tick: 1884.5.21.12
[17:17:13][jominiapplication.cpp:539]: Processing Tick: 1884.5.21.18
[17:17:13][jominiapplication.cpp:539]: Processing Tick: 1884.5.22
[17:17:13][jominiapplication.cpp:539]: Processing Tick: 1884.5.22.6
[17:17:13][jominiapplication.cpp:539]: Processing Tick: 1884.5.22.12
[17:17:13][jominiapplication.cpp:539]: Processing Tick: 1884.5.22.18
[17:17:14][jominiapplication.cpp:539]: Processing Tick: 1884.5.23
[17:17:14][jominiapplication.cpp:539]: Pause Toggled! Paused: true, PlayerID: 1
[17:17:36][jominiapplication.cpp:539]: Pause Toggled! Paused: false, PlayerID: 0
[17:17:36][jominiapplication.cpp:539]: Processing Tick: 1884.5.23.6
[17:17:36][jominiapplication.cpp:539]: Processing Tick: 1884.5.23.12
[17:17:36][jominiapplication.cpp:539]: Processing Tick: 1884.5.23.18
[17:17:36][jominiapplication.cpp:539]: Processing Tick: 1884.5.24
[17:17:36][jominiapplication.cpp:539]: Processing Tick: 1884.5.24.6
[17:17:36][jominiapplication.cpp:539]: Processing Tick: 1884.5.24.12
[17:17:36][jominiapplication.cpp:539]: Processing Tick: 1884.5.24.18
[17:17:36][jominiapplication.cpp:539]: Processing Tick: 1884.5.25
[17:17:36][jominiapplication.cpp:539]: Processing Tick: 1884.5.25.6
[17:17:36][jominiapplication.cpp:539]: Processing Tick: 1884.5.25.12
[17:17:36][jominiapplication.cpp:539]: Processing Tick: 1884.5.25.18
[17:17:36][jominiapplication.cpp:539]: Processing Tick: 1884.5.26
[17:17:37][jominiapplication.cpp:539]: Processing Tick: 1884.5.26.6
[17:17:37][jominiapplication.cpp:539]: Processing Tick: 1884.5.26.12
[17:17:37][jominiapplication.cpp:539]: Processing Tick: 1884.5.26.18
[17:17:37][jominiapplication.cpp:539]: Processing Tick: 1884.5.27
[17:17:37][jominiapplication.cpp:539]: Processing Tick: 1884.5.27.6
[17:17:37][jominiapplication.cpp:539]: Processing Tick: 1884.5.27.12
[17:17:37][jominiapplication.cpp:539]: Processing Tick: 1884.5.27.18
[17:17:37][jominiapplication.cpp:539]: Processing Tick: 1884.5.28
[17:17:38][jominiapplication.cpp:539]: Processing Tick: 1884.5.28.6
[17:17:38][jominiapplication.cpp:539]: Processing Tick: 1884.5.28.12
[17:17:38][jominiapplication.cpp:539]: Processing Tick: 1884.5.28.18
[17:17:38][jominiapplication.cpp:539]: Processing Tick: 1884.5.29
[17:17:38][jominiapplication.cpp:539]: Processing Tick: 1884.5.29.6
[17:17:38][jominiapplication.cpp:539]: Processing Tick: 1884.5.29.12
[17:17:38][jominiapplication.cpp:539]: Processing Tick: 1884.5.29.18
[17:17:38][jominiapplication.cpp:539]: Processing Tick: 1884.5.30
[17:17:38][jominiapplication.cpp:539]: Processing Tick: 1884.5.30.6
[17:17:38][jominiapplication.cpp:539]: Processing Tick: 1884.5.30.12
[17:17:38][jominiapplication.cpp:539]: Processing Tick: 1884.5.30.18
[17:17:38][jominiapplication.cpp:539]: Processing Tick: 1884.5.31
[17:17:38][jominiapplication.cpp:539]: Processing Tick: 1884.5.31.6
[17:17:38][jominiapplication.cpp:539]: Processing Tick: 1884.5.31.12
[17:17:38][jominiapplication.cpp:539]: Processing Tick: 1884.5.31.18
[17:17:38][jominiapplication.cpp:539]: Processing Tick: 1884.6.1
[17:17:41][jominiapplication.cpp:539]: Processing Tick: 1884.6.1.6
[17:17:41][jominiapplication.cpp:539]: Processing Tick: 1884.6.1.12
[17:17:41][jominiapplication.cpp:539]: Processing Tick: 1884.6.1.18
[17:17:41][jominiapplication.cpp:539]: Processing Tick: 1884.6.2
[17:17:41][jominiapplication.cpp:539]: Processing Tick: 1884.6.2.6
[17:17:41][jominiapplication.cpp:539]: Processing Tick: 1884.6.2.12
[17:17:41][jominiapplication.cpp:539]: Processing Tick: 1884.6.2.18
[17:17:41][jominiapplication.cpp:539]: Processing Tick: 1884.6.3
[17:17:42][jominiapplication.cpp:539]: Processing Tick: 1884.6.3.6
[17:17:42][jominiapplication.cpp:539]: Processing Tick: 1884.6.3.12
[17:17:42][jominiapplication.cpp:539]: Processing Tick: 1884.6.3.18
[17:17:42][jominiapplication.cpp:539]: Processing Tick: 1884.6.4
[17:17:42][jominiapplication.cpp:539]: Processing Tick: 1884.6.4.6
[17:17:42][jominiapplication.cpp:539]: Processing Tick: 1884.6.4.12
[17:17:42][jominiapplication.cpp:539]: Processing Tick: 1884.6.4.18
[17:17:42][jominiapplication.cpp:539]: Processing Tick: 1884.6.5
[17:17:42][jominiapplication.cpp:539]: Processing Tick: 1884.6.5.6
[17:17:42][jominiapplication.cpp:539]: Processing Tick: 1884.6.5.12
[17:17:42][jominiapplication.cpp:539]: Processing Tick: 1884.6.5.18
[17:17:42][jominiapplication.cpp:539]: Processing Tick: 1884.6.6
[17:17:42][jominiapplication.cpp:539]: Processing Tick: 1884.6.6.6
[17:17:42][jominiapplication.cpp:539]: Processing Tick: 1884.6.6.12
[17:17:42][jominiapplication.cpp:539]: Processing Tick: 1884.6.6.18
[17:17:43][jominiapplication.cpp:539]: Processing Tick: 1884.6.7
[17:17:43][jominiapplication.cpp:539]: Processing Tick: 1884.6.7.6
[17:17:43][jominiapplication.cpp:539]: Processing Tick: 1884.6.7.12
[17:17:43][jominiapplication.cpp:539]: Processing Tick: 1884.6.7.18
[17:17:43][jominiapplication.cpp:539]: Processing Tick: 1884.6.8
[17:17:43][jominiapplication.cpp:539]: Processing Tick: 1884.6.8.6
[17:17:43][jominiapplication.cpp:539]: Processing Tick: 1884.6.8.12
[17:17:43][jominiapplication.cpp:539]: Processing Tick: 1884.6.8.18
[17:17:43][jominiapplication.cpp:539]: Processing Tick: 1884.6.9
[17:17:43][jominiapplication.cpp:539]: Processing Tick: 1884.6.9.6
[17:17:43][jominiapplication.cpp:539]: Processing Tick: 1884.6.9.12
[17:17:43][jominiapplication.cpp:539]: Processing Tick: 1884.6.9.18
[17:17:43][jominiapplication.cpp:539]: Processing Tick: 1884.6.10
[17:17:44][jominiapplication.cpp:539]: Processing Tick: 1884.6.10.6
[17:17:44][jominiapplication.cpp:539]: Processing Tick: 1884.6.10.12
[17:17:44][jominiapplication.cpp:539]: Processing Tick: 1884.6.10.18
[17:17:44][jominiapplication.cpp:539]: Processing Tick: 1884.6.11
[17:17:44][jominiapplication.cpp:539]: Processing Tick: 1884.6.11.6
[17:17:44][jominiapplication.cpp:539]: Processing Tick: 1884.6.11.12
[17:17:44][jominiapplication.cpp:539]: Processing Tick: 1884.6.11.18
[17:17:44][jominiapplication.cpp:539]: Processing Tick: 1884.6.12
[17:17:45][jominiapplication.cpp:539]: Processing Tick: 1884.6.12.6
[17:17:45][jominiapplication.cpp:539]: Processing Tick: 1884.6.12.12
[17:17:45][jominiapplication.cpp:539]: Processing Tick: 1884.6.12.18
[17:17:45][jominiapplication.cpp:539]: Processing Tick: 1884.6.13
[17:17:45][jominiapplication.cpp:539]: Processing Tick: 1884.6.13.6
[17:17:45][jominiapplication.cpp:539]: Processing Tick: 1884.6.13.12
[17:17:45][jominiapplication.cpp:539]: Processing Tick: 1884.6.13.18
[17:17:45][jominiapplication.cpp:539]: Processing Tick: 1884.6.14
[17:17:45][jominiapplication.cpp:539]: Processing Tick: 1884.6.14.6
[17:17:45][jominiapplication.cpp:539]: Processing Tick: 1884.6.14.12
[17:17:45][jominiapplication.cpp:539]: Processing Tick: 1884.6.14.18
[17:17:45][jominiapplication.cpp:539]: Processing Tick: 1884.6.15
[17:17:45][jominiapplication.cpp:539]: Processing Tick: 1884.6.15.6
[17:17:45][jominiapplication.cpp:539]: Processing Tick: 1884.6.15.12
[17:17:46][jominiapplication.cpp:539]: Processing Tick: 1884.6.15.18
[17:17:46][jominiapplication.cpp:539]: Processing Tick: 1884.6.16
[17:17:46][jominiapplication.cpp:539]: Processing Tick: 1884.6.16.6
[17:17:46][jominiapplication.cpp:539]: Processing Tick: 1884.6.16.12
[17:17:46][jominiapplication.cpp:539]: Processing Tick: 1884.6.16.18
[17:17:46][jominiapplication.cpp:539]: Processing Tick: 1884.6.17
[17:17:46][jominiapplication.cpp:539]: Processing Tick: 1884.6.17.6
[17:17:46][jominiapplication.cpp:539]: Processing Tick: 1884.6.17.12
[17:17:46][jominiapplication.cpp:539]: Processing Tick: 1884.6.17.18
[17:17:47][jominiapplication.cpp:539]: Processing Tick: 1884.6.18
[17:17:47][jominiapplication.cpp:539]: Processing Tick: 1884.6.18.6
[17:17:47][jominiapplication.cpp:539]: Processing Tick: 1884.6.18.12
[17:17:47][jominiapplication.cpp:539]: Processing Tick: 1884.6.18.18
[17:17:47][jominiapplication.cpp:539]: Processing Tick: 1884.6.19
[17:17:47][jominiapplication.cpp:539]: Processing Tick: 1884.6.19.6
[17:17:47][jominiapplication.cpp:539]: Processing Tick: 1884.6.19.12
[17:17:47][jominiapplication.cpp:539]: Processing Tick: 1884.6.19.18
[17:17:47][jominiapplication.cpp:539]: Processing Tick: 1884.6.20
[17:17:47][jominiapplication.cpp:539]: Processing Tick: 1884.6.20.6
[17:17:47][jominiapplication.cpp:539]: Processing Tick: 1884.6.20.12
[17:17:47][jominiapplication.cpp:539]: Pause Toggled! Paused: true, PlayerID: 1
[17:18:56][jominiapplication.cpp:539]: Pause Toggled! Paused: false, PlayerID: 0
[17:18:56][jominiapplication.cpp:539]: Processing Tick: 1884.6.20.18
[17:18:56][jominiapplication.cpp:539]: Processing Tick: 1884.6.21
[17:18:56][jominiapplication.cpp:539]: Processing Tick: 1884.6.21.6
[17:18:56][jominiapplication.cpp:539]: Processing Tick: 1884.6.21.12
[17:18:56][jominiapplication.cpp:539]: Processing Tick: 1884.6.21.18
[17:18:56][jominiapplication.cpp:539]: Processing Tick: 1884.6.22
[17:18:56][jominiapplication.cpp:539]: Processing Tick: 1884.6.22.6
[17:18:56][jominiapplication.cpp:539]: Processing Tick: 1884.6.22.12
[17:18:56][jominiapplication.cpp:539]: Processing Tick: 1884.6.22.18
[17:18:56][jominiapplication.cpp:539]: Processing Tick: 1884.6.23
[17:18:56][jominiapplication.cpp:539]: Processing Tick: 1884.6.23.6
[17:18:56][jominiapplication.cpp:539]: Processing Tick: 1884.6.23.12
[17:18:56][jominiapplication.cpp:539]: Processing Tick: 1884.6.23.18
[17:18:56][jominiapplication.cpp:539]: Processing Tick: 1884.6.24
[17:18:57][jominiapplication.cpp:539]: Processing Tick: 1884.6.24.6
[17:18:57][jominiapplication.cpp:539]: Processing Tick: 1884.6.24.12
[17:18:57][jominiapplication.cpp:539]: Processing Tick: 1884.6.24.18
[17:18:57][jominiapplication.cpp:539]: Processing Tick: 1884.6.25
[17:18:57][jominiapplication.cpp:539]: Processing Tick: 1884.6.25.6
[17:18:57][jominiapplication.cpp:539]: Processing Tick: 1884.6.25.12
[17:18:57][jominiapplication.cpp:539]: Processing Tick: 1884.6.25.18
[17:18:57][jominiapplication.cpp:539]: Processing Tick: 1884.6.26
[17:18:58][jominiapplication.cpp:539]: Processing Tick: 1884.6.26.6
[17:18:58][jominiapplication.cpp:539]: Processing Tick: 1884.6.26.12
[17:18:58][jominiapplication.cpp:539]: Processing Tick: 1884.6.26.18
[17:18:58][jominiapplication.cpp:539]: Processing Tick: 1884.6.27
[17:18:58][jominiapplication.cpp:539]: Processing Tick: 1884.6.27.6
[17:18:58][jominiapplication.cpp:539]: Processing Tick: 1884.6.27.12
[17:18:58][jominiapplication.cpp:539]: Processing Tick: 1884.6.27.18
[17:18:58][jominiapplication.cpp:539]: Processing Tick: 1884.6.28
[17:18:58][jominiapplication.cpp:539]: Processing Tick: 1884.6.28.6
[17:18:58][jominiapplication.cpp:539]: Processing Tick: 1884.6.28.12
[17:18:58][jominiapplication.cpp:539]: Processing Tick: 1884.6.28.18
[17:18:58][jominiapplication.cpp:539]: Processing Tick: 1884.6.29
[17:18:58][jominiapplication.cpp:539]: Processing Tick: 1884.6.29.6
[17:18:58][jominiapplication.cpp:539]: Pause Toggled! Paused: true, PlayerID: 1
[17:21:33][jominiapplication.cpp:539]: Pause Toggled! Paused: false, PlayerID: 0
[17:21:33][jominiapplication.cpp:539]: Processing Tick: 1884.6.29.12
[17:21:33][jominiapplication.cpp:539]: Processing Tick: 1884.6.29.18
[17:21:33][jominiapplication.cpp:539]: Processing Tick: 1884.6.30
[17:21:33][jominiapplication.cpp:539]: Processing Tick: 1884.6.30.6
[17:21:34][jominiapplication.cpp:539]: Processing Tick: 1884.6.30.12
[17:21:34][jominiapplication.cpp:539]: Processing Tick: 1884.6.30.18
[17:21:34][jominiapplication.cpp:539]: Processing Tick: 1884.7.1
[17:21:36][jominiapplication.cpp:539]: Processing Tick: 1884.7.1.6
[17:21:37][jominiapplication.cpp:539]: Processing Tick: 1884.7.1.12
[17:21:37][jominiapplication.cpp:539]: Processing Tick: 1884.7.1.18
[17:21:37][jominiapplication.cpp:539]: Processing Tick: 1884.7.2
[17:21:37][jominiapplication.cpp:539]: Processing Tick: 1884.7.2.6
[17:21:37][jominiapplication.cpp:539]: Pause Toggled! Paused: true, PlayerID: 1
[22:07:08][jominiapplication.cpp:539]: Pause Toggled! Paused: false, PlayerID: 0
[22:07:08][jominiapplication.cpp:539]: Processing Tick: 1884.7.2.12
[22:07:09][jominiapplication.cpp:539]: Processing Tick: 1884.7.2.18
[22:07:09][jominiapplication.cpp:539]: Processing Tick: 1884.7.3
[22:07:10][jominiapplication.cpp:539]: Processing Tick: 1884.7.3.6
[22:07:10][jominiapplication.cpp:539]: Processing Tick: 1884.7.3.12
[22:07:10][jominiapplication.cpp:539]: Processing Tick: 1884.7.3.18
[22:07:10][jominiapplication.cpp:539]: Processing Tick: 1884.7.4
[22:07:10][jominiapplication.cpp:539]: Processing Tick: 1884.7.4.6
[22:07:10][jominiapplication.cpp:539]: Processing Tick: 1884.7.4.12
[22:07:10][jominiapplication.cpp:539]: Processing Tick: 1884.7.4.18
[22:07:10][jominiapplication.cpp:539]: Processing Tick: 1884.7.5
[22:07:10][jominiapplication.cpp:539]: Processing Tick: 1884.7.5.6
[22:07:10][jominiapplication.cpp:539]: Processing Tick: 1884.7.5.12
[22:07:11][jominiapplication.cpp:539]: Processing Tick: 1884.7.5.18
[22:07:11][jominiapplication.cpp:539]: Processing Tick: 1884.7.6
[22:07:11][jominiapplication.cpp:539]: Processing Tick: 1884.7.6.6
[22:07:11][jominiapplication.cpp:539]: Processing Tick: 1884.7.6.12
[22:07:11][jominiapplication.cpp:539]: Processing Tick: 1884.7.6.18
[22:07:11][jominiapplication.cpp:539]: Processing Tick: 1884.7.7
[22:07:11][jominiapplication.cpp:539]: Processing Tick: 1884.7.7.6
[22:07:11][jominiapplication.cpp:539]: Processing Tick: 1884.7.7.12
[22:07:11][jominiapplication.cpp:539]: Processing Tick: 1884.7.7.18
[22:07:11][jominiapplication.cpp:539]: Processing Tick: 1884.7.8
[23:54:31][jominiapplication.cpp:539]: Processing Tick: 1884.7.8.6
[23:54:31][jominiapplication.cpp:539]: Processing Tick: 1884.7.8.12
[23:54:31][jominiapplication.cpp:539]: Processing Tick: 1884.7.8.18
[23:54:31][jominiapplication.cpp:539]: Processing Tick: 1884.7.9
[23:54:31][jominiapplication.cpp:539]: Processing Tick: 1884.7.9.6
[23:54:31][jominiapplication.cpp:539]: Processing Tick: 1884.7.9.12
[23:54:31][jominiapplication.cpp:539]: Processing Tick: 1884.7.9.18
[23:54:31][jominiapplication.cpp:539]: Processing Tick: 1884.7.10
[23:54:32][jominiapplication.cpp:539]: Processing Tick: 1884.7.10.6
[23:54:32][jominiapplication.cpp:539]: Processing Tick: 1884.7.10.12
[23:54:32][jominiapplication.cpp:539]: Processing Tick: 1884.7.10.18
[23:54:32][jominiapplication.cpp:539]: Processing Tick: 1884.7.11
[23:54:32][jominiapplication.cpp:539]: Processing Tick: 1884.7.11.6
[23:54:32][jominiapplication.cpp:539]: Processing Tick: 1884.7.11.12
[23:54:32][jominiapplication.cpp:539]: Processing Tick: 1884.7.11.18
[23:54:32][jominiapplication.cpp:539]: Processing Tick: 1884.7.12
[23:54:32][jominiapplication.cpp:539]: Processing Tick: 1884.7.12.6
[23:54:32][jominiapplication.cpp:539]: Processing Tick: 1884.7.12.12
[23:54:32][jominiapplication.cpp:539]: Processing Tick: 1884.7.12.18
[23:54:32][jominiapplication.cpp:539]: Processing Tick: 1884.7.13
[23:54:32][jominiapplication.cpp:539]: Processing Tick: 1884.7.13.6
[23:54:32][jominiapplication.cpp:539]: Processing Tick: 1884.7.13.12
[23:54:32][jominiapplication.cpp:539]: Processing Tick: 1884.7.13.18
[23:54:32][jominiapplication.cpp:539]: Processing Tick: 1884.7.14
[23:54:33][jominiapplication.cpp:539]: Processing Tick: 1884.7.14.6
[23:54:33][jominiapplication.cpp:539]: Processing Tick: 1884.7.14.12
[23:54:33][jominiapplication.cpp:539]: Processing Tick: 1884.7.14.18
[23:54:33][jominiapplication.cpp:539]: Processing Tick: 1884.7.15
[23:54:33][jominiapplication.cpp:539]: Pause Toggled! Paused: true, PlayerID: 1
[00:02:57][jominiapplication.cpp:539]: Pause Toggled! Paused: false, PlayerID: 0
[00:02:57][jominiapplication.cpp:539]: Processing Tick: 1884.7.15.6
[00:02:57][jominiapplication.cpp:539]: Processing Tick: 1884.7.15.12
[00:02:57][jominiapplication.cpp:539]: Processing Tick: 1884.7.15.18
[00:02:57][jominiapplication.cpp:539]: Processing Tick: 1884.7.16
[00:02:57][jominiapplication.cpp:539]: Processing Tick: 1884.7.16.6
[00:02:58][jominiapplication.cpp:539]: Processing Tick: 1884.7.16.12
[00:02:58][jominiapplication.cpp:539]: Processing Tick: 1884.7.16.18
[00:02:58][jominiapplication.cpp:539]: Processing Tick: 1884.7.17
[00:02:58][jominiapplication.cpp:539]: Processing Tick: 1884.7.17.6
[00:02:58][jominiapplication.cpp:539]: Processing Tick: 1884.7.17.12
[00:02:58][jominiapplication.cpp:539]: Processing Tick: 1884.7.17.18
[00:02:58][jominiapplication.cpp:539]: Processing Tick: 1884.7.18
[00:02:58][jominiapplication.cpp:539]: Processing Tick: 1884.7.18.6
[00:02:58][jominiapplication.cpp:539]: Processing Tick: 1884.7.18.12
[00:02:58][jominiapplication.cpp:539]: Processing Tick: 1884.7.18.18
[00:02:58][jominiapplication.cpp:539]: Processing Tick: 1884.7.19
[00:02:58][jominiapplication.cpp:539]: Processing Tick: 1884.7.19.6
[00:02:58][jominiapplication.cpp:539]: Processing Tick: 1884.7.19.12
[00:02:58][jominiapplication.cpp:539]: Processing Tick: 1884.7.19.18
[00:02:58][jominiapplication.cpp:539]: Processing Tick: 1884.7.20
[00:02:59][jominiapplication.cpp:539]: Processing Tick: 1884.7.20.6
[00:02:59][jominiapplication.cpp:539]: Processing Tick: 1884.7.20.12
[00:02:59][jominiapplication.cpp:539]: Processing Tick: 1884.7.20.18
[00:02:59][jominiapplication.cpp:539]: Processing Tick: 1884.7.21
[00:02:59][jominiapplication.cpp:539]: Processing Tick: 1884.7.21.6
[00:02:59][jominiapplication.cpp:539]: Processing Tick: 1884.7.21.12
[00:02:59][jominiapplication.cpp:539]: Processing Tick: 1884.7.21.18
[00:02:59][jominiapplication.cpp:539]: Processing Tick: 1884.7.22
[16:49:54][jominiapplication.cpp:539]: Processing Tick: 1884.7.22.6
[16:49:55][jominiapplication.cpp:539]: Processing Tick: 1884.7.22.12
[16:49:55][jominiapplication.cpp:539]: Processing Tick: 1884.7.22.18
[16:49:55][jominiapplication.cpp:539]: Processing Tick: 1884.7.23
[16:49:55][jominiapplication.cpp:539]: Processing Tick: 1884.7.23.6
[16:49:55][jominiapplication.cpp:539]: Processing Tick: 1884.7.23.12
[16:49:55][jominiapplication.cpp:539]: Processing Tick: 1884.7.23.18
[16:49:55][jominiapplication.cpp:539]: Processing Tick: 1884.7.24
[16:49:55][jominiapplication.cpp:539]: Processing Tick: 1884.7.24.6
[16:49:55][jominiapplication.cpp:539]: Processing Tick: 1884.7.24.12
[16:49:55][jominiapplication.cpp:539]: Processing Tick: 1884.7.24.18
[16:49:55][jominiapplication.cpp:539]: Processing Tick: 1884.7.25
[16:49:55][jominiapplication.cpp:539]: Processing Tick: 1884.7.25.6
[16:49:55][jominiapplication.cpp:539]: Processing Tick: 1884.7.25.12
[16:49:56][jominiapplication.cpp:539]: Processing Tick: 1884.7.25.18
[16:49:56][jominiapplication.cpp:539]: Processing Tick: 1884.7.26
[16:49:56][jominiapplication.cpp:539]: Processing Tick: 1884.7.26.6
[16:49:56][jominiapplication.cpp:539]: Processing Tick: 1884.7.26.12
[16:49:56][jominiapplication.cpp:539]: Processing Tick: 1884.7.26.18
[16:49:56][jominiapplication.cpp:539]: Processing Tick: 1884.7.27
[16:49:56][jominiapplication.cpp:539]: Processing Tick: 1884.7.27.6
[16:49:56][jominiapplication.cpp:539]: Processing Tick: 1884.7.27.12
[16:49:56][jominiapplication.cpp:539]: Processing Tick: 1884.7.27.18
[16:49:56][jominiapplication.cpp:539]: Processing Tick: 1884.7.28
[16:49:57][jominiapplication.cpp:539]: Processing Tick: 1884.7.28.6
[16:49:57][jominiapplication.cpp:539]: Processing Tick: 1884.7.28.12
[16:49:57][jominiapplication.cpp:539]: Processing Tick: 1884.7.28.18
[16:49:57][jominiapplication.cpp:539]: Processing Tick: 1884.7.29
[16:56:17][jominiapplication.cpp:539]: Processing Tick: 1884.7.29.6
[16:56:17][jominiapplication.cpp:539]: Processing Tick: 1884.7.29.12
[16:56:17][jominiapplication.cpp:539]: Processing Tick: 1884.7.29.18
[16:56:17][jominiapplication.cpp:539]: Processing Tick: 1884.7.30
[16:56:17][jominiapplication.cpp:539]: Processing Tick: 1884.7.30.6
[16:56:17][jominiapplication.cpp:539]: Processing Tick: 1884.7.30.12
[16:56:17][jominiapplication.cpp:539]: Processing Tick: 1884.7.30.18
[16:56:17][jominiapplication.cpp:539]: Processing Tick: 1884.7.31
[16:56:18][jominiapplication.cpp:539]: Processing Tick: 1884.7.31.6
[16:56:18][jominiapplication.cpp:539]: Processing Tick: 1884.7.31.12
[16:56:18][jominiapplication.cpp:539]: Processing Tick: 1884.7.31.18
[16:56:18][jominiapplication.cpp:539]: Processing Tick: 1884.8.1
[16:56:19][jominiapplication.cpp:539]: Processing Tick: 1884.8.1.6
[16:56:19][jominiapplication.cpp:539]: Processing Tick: 1884.8.1.12
[16:56:19][jominiapplication.cpp:539]: Processing Tick: 1884.8.1.18
[16:56:20][jominiapplication.cpp:539]: Processing Tick: 1884.8.2
[16:56:20][jominiapplication.cpp:539]: Processing Tick: 1884.8.2.6
[16:56:20][jominiapplication.cpp:539]: Processing Tick: 1884.8.2.12
[16:56:20][jominiapplication.cpp:539]: Processing Tick: 1884.8.2.18
[16:56:20][jominiapplication.cpp:539]: Processing Tick: 1884.8.3
[16:56:20][jominiapplication.cpp:539]: Processing Tick: 1884.8.3.6
[16:56:20][jominiapplication.cpp:539]: Processing Tick: 1884.8.3.12
[16:56:20][jominiapplication.cpp:539]: Processing Tick: 1884.8.3.18
[16:56:20][jominiapplication.cpp:539]: Processing Tick: 1884.8.4
[16:56:20][jominiapplication.cpp:539]: Processing Tick: 1884.8.4.6
[16:56:20][jominiapplication.cpp:539]: Processing Tick: 1884.8.4.12
[16:56:20][jominiapplication.cpp:539]: Processing Tick: 1884.8.4.18
[16:56:20][jominiapplication.cpp:539]: Processing Tick: 1884.8.5
[16:57:20][jominiapplication.cpp:539]: Processing Tick: 1884.8.5.6
[16:57:20][jominiapplication.cpp:539]: Processing Tick: 1884.8.5.12
[16:57:20][jominiapplication.cpp:539]: Processing Tick: 1884.8.5.18
[16:57:20][jominiapplication.cpp:539]: Processing Tick: 1884.8.6
[16:57:21][jominiapplication.cpp:539]: Processing Tick: 1884.8.6.6
[16:57:21][jominiapplication.cpp:539]: Processing Tick: 1884.8.6.12
[16:57:21][jominiapplication.cpp:539]: Processing Tick: 1884.8.6.18
[16:57:21][jominiapplication.cpp:539]: Processing Tick: 1884.8.7
[16:57:21][jominiapplication.cpp:539]: Processing Tick: 1884.8.7.6
[16:57:21][jominiapplication.cpp:539]: Processing Tick: 1884.8.7.12
[16:57:21][jominiapplication.cpp:539]: Processing Tick: 1884.8.7.18
[16:57:21][jominiapplication.cpp:539]: Processing Tick: 1884.8.8
[16:57:21][jominiapplication.cpp:539]: Processing Tick: 1884.8.8.6
[16:57:21][jominiapplication.cpp:539]: Processing Tick: 1884.8.8.12
[16:57:21][jominiapplication.cpp:539]: Processing Tick: 1884.8.8.18
[16:57:21][jominiapplication.cpp:539]: Processing Tick: 1884.8.9
[16:57:21][jominiapplication.cpp:539]: Processing Tick: 1884.8.9.6
[16:57:21][jominiapplication.cpp:539]: Processing Tick: 1884.8.9.12
[16:57:21][jominiapplication.cpp:539]: Processing Tick: 1884.8.9.18
[16:57:21][jominiapplication.cpp:539]: Processing Tick: 1884.8.10
[16:57:22][jominiapplication.cpp:539]: Processing Tick: 1884.8.10.6
[16:57:22][jominiapplication.cpp:539]: Processing Tick: 1884.8.10.12
[16:57:22][jominiapplication.cpp:539]: Processing Tick: 1884.8.10.18
[16:57:22][jominiapplication.cpp:539]: Processing Tick: 1884.8.11
[16:57:22][jominiapplication.cpp:539]: Processing Tick: 1884.8.11.6
[16:57:22][jominiapplication.cpp:539]: Processing Tick: 1884.8.11.12
[16:57:22][jominiapplication.cpp:539]: Processing Tick: 1884.8.11.18
[16:57:22][jominiapplication.cpp:539]: Processing Tick: 1884.8.12
[17:04:10][jominiapplication.cpp:539]: Processing Tick: 1884.8.12.6
[17:04:10][jominiapplication.cpp:539]: Processing Tick: 1884.8.12.12
[17:04:10][jominiapplication.cpp:539]: Processing Tick: 1884.8.12.18
[17:04:10][jominiapplication.cpp:539]: Processing Tick: 1884.8.13
[17:04:10][jominiapplication.cpp:539]: Processing Tick: 1884.8.13.6
[17:04:10][jominiapplication.cpp:539]: Processing Tick: 1884.8.13.12
[17:04:10][jominiapplication.cpp:539]: Processing Tick: 1884.8.13.18
[17:04:10][jominiapplication.cpp:539]: Processing Tick: 1884.8.14
[17:04:11][jominiapplication.cpp:539]: Processing Tick: 1884.8.14.6
[17:04:11][jominiapplication.cpp:539]: Processing Tick: 1884.8.14.12
[17:04:11][jominiapplication.cpp:539]: Processing Tick: 1884.8.14.18
[17:04:11][jominiapplication.cpp:539]: Processing Tick: 1884.8.15
[17:04:11][jominiapplication.cpp:539]: Processing Tick: 1884.8.15.6
[17:04:11][jominiapplication.cpp:539]: Processing Tick: 1884.8.15.12
[17:04:11][jominiapplication.cpp:539]: Processing Tick: 1884.8.15.18
[17:04:11][jominiapplication.cpp:539]: Processing Tick: 1884.8.16
[17:04:11][jominiapplication.cpp:539]: Processing Tick: 1884.8.16.6
[17:04:11][jominiapplication.cpp:539]: Processing Tick: 1884.8.16.12
[17:04:11][jominiapplication.cpp:539]: Processing Tick: 1884.8.16.18
[17:04:11][jominiapplication.cpp:539]: Processing Tick: 1884.8.17
[17:04:11][jominiapplication.cpp:539]: Processing Tick: 1884.8.17.6
[17:04:11][jominiapplication.cpp:539]: Processing Tick: 1884.8.17.12
[17:04:11][jominiapplication.cpp:539]: Processing Tick: 1884.8.17.18
[17:04:11][jominiapplication.cpp:539]: Processing Tick: 1884.8.18
[17:04:12][jominiapplication.cpp:539]: Processing Tick: 1884.8.18.6
[17:04:12][jominiapplication.cpp:539]: Processing Tick: 1884.8.18.12
[17:04:12][jominiapplication.cpp:539]: Processing Tick: 1884.8.18.18
[17:04:12][jominiapplication.cpp:539]: Processing Tick: 1884.8.19
[17:44:27][jominiapplication.cpp:539]: Processing Tick: 1884.8.19.6
[17:44:27][jominiapplication.cpp:539]: Processing Tick: 1884.8.19.12
[17:44:28][jominiapplication.cpp:539]: Processing Tick: 1884.8.19.18
[17:44:28][jominiapplication.cpp:539]: Processing Tick: 1884.8.20
[17:44:28][jominiapplication.cpp:539]: Processing Tick: 1884.8.20.6
[17:44:28][jominiapplication.cpp:539]: Processing Tick: 1884.8.20.12
[17:44:28][jominiapplication.cpp:539]: Processing Tick: 1884.8.20.18
[17:44:28][jominiapplication.cpp:539]: Processing Tick: 1884.8.21
[17:44:28][jominiapplication.cpp:539]: Processing Tick: 1884.8.21.6
[17:44:28][jominiapplication.cpp:539]: Processing Tick: 1884.8.21.12
[17:44:28][jominiapplication.cpp:539]: Processing Tick: 1884.8.21.18
[17:44:28][jominiapplication.cpp:539]: Processing Tick: 1884.8.22
[17:44:28][jominiapplication.cpp:539]: Processing Tick: 1884.8.22.6
[17:44:29][jominiapplication.cpp:539]: Processing Tick: 1884.8.22.12
[17:44:29][jominiapplication.cpp:539]: Processing Tick: 1884.8.22.18
[17:44:29][jominiapplication.cpp:539]: Processing Tick: 1884.8.23
[17:44:29][jominiapplication.cpp:539]: Processing Tick: 1884.8.23.6
[17:44:29][jominiapplication.cpp:539]: Processing Tick: 1884.8.23.12
[17:44:29][jominiapplication.cpp:539]: Processing Tick: 1884.8.23.18
[17:44:29][jominiapplication.cpp:539]: Processing Tick: 1884.8.24
[17:44:29][jominiapplication.cpp:539]: Processing Tick: 1884.8.24.6
[17:44:29][jominiapplication.cpp:539]: Processing Tick: 1884.8.24.12
[17:44:29][jominiapplication.cpp:539]: Processing Tick: 1884.8.24.18
[17:44:29][jominiapplication.cpp:539]: Processing Tick: 1884.8.25
[17:44:29][jominiapplication.cpp:539]: Processing Tick: 1884.8.25.6
[17:44:29][jominiapplication.cpp:539]: Processing Tick: 1884.8.25.12
[17:44:29][jominiapplication.cpp:539]: Processing Tick: 1884.8.25.18
[17:44:29][jominiapplication.cpp:539]: Processing Tick: 1884.8.26
[17:49:20][jominiapplication.cpp:539]: Processing Tick: 1884.8.26.6
[17:49:20][jominiapplication.cpp:539]: Processing Tick: 1884.8.26.12
[17:49:20][jominiapplication.cpp:539]: Processing Tick: 1884.8.26.18
[17:49:21][jominiapplication.cpp:539]: Processing Tick: 1884.8.27
[17:49:21][jominiapplication.cpp:539]: Processing Tick: 1884.8.27.6
[17:49:21][jominiapplication.cpp:539]: Processing Tick: 1884.8.27.12
[17:49:21][jominiapplication.cpp:539]: Processing Tick: 1884.8.27.18
[17:49:21][jominiapplication.cpp:539]: Processing Tick: 1884.8.28
[17:49:21][jominiapplication.cpp:539]: Processing Tick: 1884.8.28.6
[17:49:21][jominiapplication.cpp:539]: Processing Tick: 1884.8.28.12
[17:49:21][jominiapplication.cpp:539]: Processing Tick: 1884.8.28.18
[17:49:21][jominiapplication.cpp:539]: Processing Tick: 1884.8.29
[17:49:21][jominiapplication.cpp:539]: Processing Tick: 1884.8.29.6
[17:49:21][jominiapplication.cpp:539]: Processing Tick: 1884.8.29.12
[17:49:21][jominiapplication.cpp:539]: Processing Tick: 1884.8.29.18
[17:49:21][jominiapplication.cpp:539]: Processing Tick: 1884.8.30
[17:49:21][jominiapplication.cpp:539]: Processing Tick: 1884.8.30.6
[17:49:21][jominiapplication.cpp:539]: Processing Tick: 1884.8.30.12
[17:49:22][jominiapplication.cpp:539]: Processing Tick: 1884.8.30.18
[17:49:22][jominiapplication.cpp:539]: Processing Tick: 1884.8.31
[17:49:22][jominiapplication.cpp:539]: Processing Tick: 1884.8.31.6
[17:49:22][jominiapplication.cpp:539]: Processing Tick: 1884.8.31.12
[17:49:22][jominiapplication.cpp:539]: Processing Tick: 1884.8.31.18
[17:49:22][jominiapplication.cpp:539]: Processing Tick: 1884.9.1
[17:49:24][jominiapplication.cpp:539]: Processing Tick: 1884.9.1.6
[17:49:24][jominiapplication.cpp:539]: Processing Tick: 1884.9.1.12
[17:49:24][jominiapplication.cpp:539]: Processing Tick: 1884.9.1.18
[17:49:24][jominiapplication.cpp:539]: Processing Tick: 1884.9.2
[17:53:52][jominiapplication.cpp:539]: Processing Tick: 1884.9.2.6
[17:53:52][jominiapplication.cpp:539]: Processing Tick: 1884.9.2.12
[17:53:52][jominiapplication.cpp:539]: Processing Tick: 1884.9.2.18
[17:53:52][jominiapplication.cpp:539]: Processing Tick: 1884.9.3
[17:53:52][jominiapplication.cpp:539]: Processing Tick: 1884.9.3.6
[17:53:52][jominiapplication.cpp:539]: Processing Tick: 1884.9.3.12
[17:53:52][jominiapplication.cpp:539]: Processing Tick: 1884.9.3.18
[17:53:52][jominiapplication.cpp:539]: Processing Tick: 1884.9.4
[17:53:52][jominiapplication.cpp:539]: Processing Tick: 1884.9.4.6
[17:53:52][jominiapplication.cpp:539]: Processing Tick: 1884.9.4.12
[17:53:52][jominiapplication.cpp:539]: Processing Tick: 1884.9.4.18
[17:53:52][jominiapplication.cpp:539]: Processing Tick: 1884.9.5
[17:53:53][jominiapplication.cpp:539]: Processing Tick: 1884.9.5.6
[17:53:53][jominiapplication.cpp:539]: Processing Tick: 1884.9.5.12
[17:53:53][jominiapplication.cpp:539]: Processing Tick: 1884.9.5.18
[17:53:53][jominiapplication.cpp:539]: Processing Tick: 1884.9.6
[17:53:53][jominiapplication.cpp:539]: Processing Tick: 1884.9.6.6
[17:53:53][jominiapplication.cpp:539]: Processing Tick: 1884.9.6.12
[17:53:53][jominiapplication.cpp:539]: Processing Tick: 1884.9.6.18
[17:53:53][jominiapplication.cpp:539]: Processing Tick: 1884.9.7
[17:53:53][jominiapplication.cpp:539]: Processing Tick: 1884.9.7.6
[17:53:53][jominiapplication.cpp:539]: Processing Tick: 1884.9.7.12
[17:53:53][jominiapplication.cpp:539]: Processing Tick: 1884.9.7.18
[17:53:53][jominiapplication.cpp:539]: Processing Tick: 1884.9.8
[17:53:53][jominiapplication.cpp:539]: Processing Tick: 1884.9.8.6
[17:53:53][jominiapplication.cpp:539]: Processing Tick: 1884.9.8.12
[17:53:53][jominiapplication.cpp:539]: Processing Tick: 1884.9.8.18
[17:53:54][jominiapplication.cpp:539]: Processing Tick: 1884.9.9
[17:53:54][jominiapplication.cpp:539]: Processing Tick: 1884.9.9.6
[17:53:54][jominiapplication.cpp:539]: Processing Tick: 1884.9.9.12
[17:53:54][jominiapplication.cpp:539]: Processing Tick: 1884.9.9.18
[17:53:54][jominiapplication.cpp:539]: Processing Tick: 1884.9.10
[17:53:54][jominiapplication.cpp:539]: Processing Tick: 1884.9.10.6
[17:53:54][jominiapplication.cpp:539]: Processing Tick: 1884.9.10.12
[17:53:54][jominiapplication.cpp:539]: Processing Tick: 1884.9.10.18
[17:53:55][jominiapplication.cpp:539]: Processing Tick: 1884.9.11
[17:53:55][jominiapplication.cpp:539]: Processing Tick: 1884.9.11.6
[17:53:55][jominiapplication.cpp:539]: Processing Tick: 1884.9.11.12
[17:53:55][jominiapplication.cpp:539]: Processing Tick: 1884.9.11.18
[17:53:55][jominiapplication.cpp:539]: Processing Tick: 1884.9.12
[17:53:55][jominiapplication.cpp:539]: Processing Tick: 1884.9.12.6
[17:53:55][jominiapplication.cpp:539]: Processing Tick: 1884.9.12.12
[17:53:55][jominiapplication.cpp:539]: Processing Tick: 1884.9.12.18
[17:53:55][jominiapplication.cpp:539]: Processing Tick: 1884.9.13
[17:53:55][jominiapplication.cpp:539]: Processing Tick: 1884.9.13.6
[17:53:55][jominiapplication.cpp:539]: Processing Tick: 1884.9.13.12
[17:53:55][jominiapplication.cpp:539]: Processing Tick: 1884.9.13.18
[17:53:55][jominiapplication.cpp:539]: Processing Tick: 1884.9.14
[17:53:55][jominiapplication.cpp:539]: Processing Tick: 1884.9.14.6
[17:53:55][jominiapplication.cpp:539]: Processing Tick: 1884.9.14.12
[17:53:55][jominiapplication.cpp:539]: Processing Tick: 1884.9.14.18
[17:53:55][jominiapplication.cpp:539]: Processing Tick: 1884.9.15
[17:53:55][jominiapplication.cpp:539]: Pause Toggled! Paused: true, PlayerID: 1
[17:54:35][jominiapplication.cpp:539]: Pause Toggled! Paused: false, PlayerID: 0
[17:54:35][jominiapplication.cpp:539]: Processing Tick: 1884.9.15.6
[17:54:35][jominiapplication.cpp:539]: Processing Tick: 1884.9.15.12
[17:54:35][jominiapplication.cpp:539]: Processing Tick: 1884.9.15.18
[17:54:35][jominiapplication.cpp:539]: Processing Tick: 1884.9.16
[17:54:36][jominiapplication.cpp:539]: Processing Tick: 1884.9.16.6
[17:54:36][jominiapplication.cpp:539]: Processing Tick: 1884.9.16.12
[17:54:36][jominiapplication.cpp:539]: Processing Tick: 1884.9.16.18
[17:54:36][jominiapplication.cpp:539]: Processing Tick: 1884.9.17
[17:54:36][jominiapplication.cpp:539]: Processing Tick: 1884.9.17.6
[17:54:36][jominiapplication.cpp:539]: Processing Tick: 1884.9.17.12
[17:54:36][jominiapplication.cpp:539]: Processing Tick: 1884.9.17.18
[17:54:36][jominiapplication.cpp:539]: Processing Tick: 1884.9.18
[17:54:36][jominiapplication.cpp:539]: Processing Tick: 1884.9.18.6
[17:54:36][jominiapplication.cpp:539]: Processing Tick: 1884.9.18.12
[17:54:36][jominiapplication.cpp:539]: Processing Tick: 1884.9.18.18
[17:54:36][jominiapplication.cpp:539]: Processing Tick: 1884.9.19
[17:54:36][jominiapplication.cpp:539]: Processing Tick: 1884.9.19.6
[17:54:37][jominiapplication.cpp:539]: Processing Tick: 1884.9.19.12
[17:54:37][jominiapplication.cpp:539]: Processing Tick: 1884.9.19.18
[17:54:37][jominiapplication.cpp:539]: Processing Tick: 1884.9.20
[17:54:37][jominiapplication.cpp:539]: Processing Tick: 1884.9.20.6
[17:54:37][jominiapplication.cpp:539]: Processing Tick: 1884.9.20.12
[17:54:37][jominiapplication.cpp:539]: Processing Tick: 1884.9.20.18
[17:54:37][jominiapplication.cpp:539]: Processing Tick: 1884.9.21
[17:54:37][jominiapplication.cpp:539]: Processing Tick: 1884.9.21.6
[17:54:37][jominiapplication.cpp:539]: Processing Tick: 1884.9.21.12
[17:54:37][jominiapplication.cpp:539]: Processing Tick: 1884.9.21.18
[17:54:37][jominiapplication.cpp:539]: Processing Tick: 1884.9.22
[17:54:37][jominiapplication.cpp:539]: Processing Tick: 1884.9.22.6
[17:54:37][jominiapplication.cpp:539]: Processing Tick: 1884.9.22.12
[17:54:37][jominiapplication.cpp:539]: Processing Tick: 1884.9.22.18
[17:54:37][jominiapplication.cpp:539]: Processing Tick: 1884.9.23
[17:54:38][jominiapplication.cpp:539]: Processing Tick: 1884.9.23.6
[17:54:38][jominiapplication.cpp:539]: Processing Tick: 1884.9.23.12
[17:54:38][jominiapplication.cpp:539]: Processing Tick: 1884.9.23.18
[17:54:38][jominiapplication.cpp:539]: Processing Tick: 1884.9.24
[17:54:38][jominiapplication.cpp:539]: Processing Tick: 1884.9.24.6
[17:54:38][jominiapplication.cpp:539]: Processing Tick: 1884.9.24.12
[17:54:38][jominiapplication.cpp:539]: Processing Tick: 1884.9.24.18
[17:54:38][jominiapplication.cpp:539]: Processing Tick: 1884.9.25
[17:54:38][jominiapplication.cpp:539]: Processing Tick: 1884.9.25.6
[17:54:38][jominiapplication.cpp:539]: Processing Tick: 1884.9.25.12
[17:54:39][jominiapplication.cpp:539]: Processing Tick: 1884.9.25.18
[17:54:39][jominiapplication.cpp:539]: Processing Tick: 1884.9.26
[17:54:39][jominiapplication.cpp:539]: Processing Tick: 1884.9.26.6
[17:54:39][jominiapplication.cpp:539]: Processing Tick: 1884.9.26.12
[17:54:39][jominiapplication.cpp:539]: Processing Tick: 1884.9.26.18
[17:54:39][jominiapplication.cpp:539]: Processing Tick: 1884.9.27
[17:54:39][jominiapplication.cpp:539]: Processing Tick: 1884.9.27.6
[17:54:39][jominiapplication.cpp:539]: Processing Tick: 1884.9.27.12
[17:54:39][jominiapplication.cpp:539]: Processing Tick: 1884.9.27.18
[17:54:39][jominiapplication.cpp:539]: Processing Tick: 1884.9.28
[17:54:39][jominiapplication.cpp:539]: Processing Tick: 1884.9.28.6
[17:54:39][jominiapplication.cpp:539]: Processing Tick: 1884.9.28.12
[17:54:39][jominiapplication.cpp:539]: Processing Tick: 1884.9.28.18
[17:54:39][jominiapplication.cpp:539]: Processing Tick: 1884.9.29
[17:54:39][jominiapplication.cpp:539]: Processing Tick: 1884.9.29.6
[17:54:39][jominiapplication.cpp:539]: Processing Tick: 1884.9.29.12
[17:54:39][jominiapplication.cpp:539]: Processing Tick: 1884.9.29.18
[17:54:39][jominiapplication.cpp:539]: Processing Tick: 1884.9.30
[17:54:40][jominiapplication.cpp:539]: Processing Tick: 1884.9.30.6
[17:54:40][jominiapplication.cpp:539]: Processing Tick: 1884.9.30.12
[17:54:40][jominiapplication.cpp:539]: Processing Tick: 1884.9.30.18
[17:54:40][jominiapplication.cpp:539]: Processing Tick: 1884.10.1
[17:54:42][jominiapplication.cpp:539]: Processing Tick: 1884.10.1.6
[17:54:42][jominiapplication.cpp:539]: Processing Tick: 1884.10.1.12
[17:54:42][jominiapplication.cpp:539]: Processing Tick: 1884.10.1.18
[17:54:42][jominiapplication.cpp:539]: Processing Tick: 1884.10.2
[17:54:42][jominiapplication.cpp:539]: Processing Tick: 1884.10.2.6
[17:54:42][jominiapplication.cpp:539]: Processing Tick: 1884.10.2.12
[17:54:43][jominiapplication.cpp:539]: Processing Tick: 1884.10.2.18
[17:54:43][jominiapplication.cpp:539]: Processing Tick: 1884.10.3
[17:54:43][jominiapplication.cpp:539]: Processing Tick: 1884.10.3.6
[17:54:43][jominiapplication.cpp:539]: Processing Tick: 1884.10.3.12
[17:54:43][jominiapplication.cpp:539]: Processing Tick: 1884.10.3.18
[17:54:43][jominiapplication.cpp:539]: Processing Tick: 1884.10.4
[17:54:43][jominiapplication.cpp:539]: Processing Tick: 1884.10.4.6
[17:54:43][jominiapplication.cpp:539]: Processing Tick: 1884.10.4.12
[17:54:43][jominiapplication.cpp:539]: Processing Tick: 1884.10.4.18
[17:54:43][jominiapplication.cpp:539]: Processing Tick: 1884.10.5
[17:54:43][jominiapplication.cpp:539]: Processing Tick: 1884.10.5.6
[17:54:43][jominiapplication.cpp:539]: Processing Tick: 1884.10.5.12
[17:54:43][jominiapplication.cpp:539]: Processing Tick: 1884.10.5.18
[17:54:43][jominiapplication.cpp:539]: Processing Tick: 1884.10.6
[17:54:44][jominiapplication.cpp:539]: Processing Tick: 1884.10.6.6
[17:54:44][jominiapplication.cpp:539]: Processing Tick: 1884.10.6.12
[17:54:44][jominiapplication.cpp:539]: Processing Tick: 1884.10.6.18
[17:54:44][jominiapplication.cpp:539]: Processing Tick: 1884.10.7
[17:54:44][jominiapplication.cpp:539]: Processing Tick: 1884.10.7.6
[17:54:44][jominiapplication.cpp:539]: Processing Tick: 1884.10.7.12
[17:54:44][jominiapplication.cpp:539]: Processing Tick: 1884.10.7.18
[17:54:45][jominiapplication.cpp:539]: Processing Tick: 1884.10.8
[17:54:45][jominiapplication.cpp:539]: Processing Tick: 1884.10.8.6
[17:54:45][jominiapplication.cpp:539]: Processing Tick: 1884.10.8.12
[17:54:45][jominiapplication.cpp:539]: Processing Tick: 1884.10.8.18
[17:54:45][jominiapplication.cpp:539]: Processing Tick: 1884.10.9
[17:54:45][jominiapplication.cpp:539]: Processing Tick: 1884.10.9.6
[17:54:45][jominiapplication.cpp:539]: Processing Tick: 1884.10.9.12
[17:54:45][jominiapplication.cpp:539]: Processing Tick: 1884.10.9.18
[17:54:45][jominiapplication.cpp:539]: Processing Tick: 1884.10.10
[17:54:45][jominiapplication.cpp:539]: Processing Tick: 1884.10.10.6
[17:54:45][jominiapplication.cpp:539]: Processing Tick: 1884.10.10.12
[17:54:45][jominiapplication.cpp:539]: Processing Tick: 1884.10.10.18
[17:54:45][jominiapplication.cpp:539]: Processing Tick: 1884.10.11
[17:54:45][jominiapplication.cpp:539]: Processing Tick: 1884.10.11.6
[17:54:45][jominiapplication.cpp:539]: Processing Tick: 1884.10.11.12
[17:54:45][jominiapplication.cpp:539]: Processing Tick: 1884.10.11.18
[17:54:46][jominiapplication.cpp:539]: Processing Tick: 1884.10.12
[17:54:46][jominiapplication.cpp:539]: Processing Tick: 1884.10.12.6
[17:54:46][jominiapplication.cpp:539]: Processing Tick: 1884.10.12.12
[17:54:46][jominiapplication.cpp:539]: Processing Tick: 1884.10.12.18
[17:54:46][jominiapplication.cpp:539]: Processing Tick: 1884.10.13
[17:54:46][jominiapplication.cpp:539]: Processing Tick: 1884.10.13.6
[17:54:46][jominiapplication.cpp:539]: Processing Tick: 1884.10.13.12
[17:54:46][jominiapplication.cpp:539]: Processing Tick: 1884.10.13.18
[17:54:46][jominiapplication.cpp:539]: Processing Tick: 1884.10.14
[17:54:47][jominiapplication.cpp:539]: Processing Tick: 1884.10.14.6
[17:54:47][jominiapplication.cpp:539]: Processing Tick: 1884.10.14.12
[17:54:47][jominiapplication.cpp:539]: Processing Tick: 1884.10.14.18
[17:54:47][jominiapplication.cpp:539]: Processing Tick: 1884.10.15
[17:54:47][jominiapplication.cpp:539]: Processing Tick: 1884.10.15.6
[17:54:47][jominiapplication.cpp:539]: Processing Tick: 1884.10.15.12
[17:54:47][jominiapplication.cpp:539]: Processing Tick: 1884.10.15.18
[17:54:47][jominiapplication.cpp:539]: Processing Tick: 1884.10.16
[17:54:47][jominiapplication.cpp:539]: Processing Tick: 1884.10.16.6
[17:54:47][jominiapplication.cpp:539]: Processing Tick: 1884.10.16.12
[17:54:47][jominiapplication.cpp:539]: Processing Tick: 1884.10.16.18
[17:54:47][jominiapplication.cpp:539]: Processing Tick: 1884.10.17
[17:54:48][jominiapplication.cpp:539]: Processing Tick: 1884.10.17.6
[17:54:48][jominiapplication.cpp:539]: Processing Tick: 1884.10.17.12
[17:54:48][jominiapplication.cpp:539]: Processing Tick: 1884.10.17.18
[17:54:48][jominiapplication.cpp:539]: Processing Tick: 1884.10.18
[17:54:48][jominiapplication.cpp:539]: Processing Tick: 1884.10.18.6
[17:54:48][jominiapplication.cpp:539]: Processing Tick: 1884.10.18.12
[17:54:48][jominiapplication.cpp:539]: Processing Tick: 1884.10.18.18
[17:54:48][jominiapplication.cpp:539]: Processing Tick: 1884.10.19
[17:54:48][jominiapplication.cpp:539]: Processing Tick: 1884.10.19.6
[17:54:48][jominiapplication.cpp:539]: Processing Tick: 1884.10.19.12
[17:54:48][jominiapplication.cpp:539]: Processing Tick: 1884.10.19.18
[17:54:48][jominiapplication.cpp:539]: Processing Tick: 1884.10.20
[17:54:48][jominiapplication.cpp:539]: Processing Tick: 1884.10.20.6
[17:54:48][jominiapplication.cpp:539]: Processing Tick: 1884.10.20.12
[17:54:48][jominiapplication.cpp:539]: Processing Tick: 1884.10.20.18
[17:54:48][jominiapplication.cpp:539]: Processing Tick: 1884.10.21
[17:54:49][jominiapplication.cpp:539]: Processing Tick: 1884.10.21.6
[17:54:49][jominiapplication.cpp:539]: Processing Tick: 1884.10.21.12
[17:54:49][jominiapplication.cpp:539]: Processing Tick: 1884.10.21.18
[17:54:49][jominiapplication.cpp:539]: Processing Tick: 1884.10.22
[17:54:49][jominiapplication.cpp:539]: Processing Tick: 1884.10.22.6
[17:54:49][jominiapplication.cpp:539]: Processing Tick: 1884.10.22.12
[17:54:49][jominiapplication.cpp:539]: Processing Tick: 1884.10.22.18
[17:54:49][jominiapplication.cpp:539]: Processing Tick: 1884.10.23
[17:54:50][jominiapplication.cpp:539]: Processing Tick: 1884.10.23.6
[17:54:50][jominiapplication.cpp:539]: Processing Tick: 1884.10.23.12
[17:54:50][jominiapplication.cpp:539]: Processing Tick: 1884.10.23.18
[17:54:50][jominiapplication.cpp:539]: Processing Tick: 1884.10.24
[17:54:50][jominiapplication.cpp:539]: Processing Tick: 1884.10.24.6
[17:54:50][jominiapplication.cpp:539]: Processing Tick: 1884.10.24.12
[17:54:50][jominiapplication.cpp:539]: Processing Tick: 1884.10.24.18
[17:54:50][jominiapplication.cpp:539]: Processing Tick: 1884.10.25
[17:54:50][jominiapplication.cpp:539]: Processing Tick: 1884.10.25.6
[17:54:50][jominiapplication.cpp:539]: Processing Tick: 1884.10.25.12
[17:54:50][jominiapplication.cpp:539]: Processing Tick: 1884.10.25.18
[17:54:50][jominiapplication.cpp:539]: Processing Tick: 1884.10.26
[17:54:50][jominiapplication.cpp:539]: Processing Tick: 1884.10.26.6
[17:54:50][jominiapplication.cpp:539]: Processing Tick: 1884.10.26.12
[17:54:50][jominiapplication.cpp:539]: Processing Tick: 1884.10.26.18
[17:54:50][jominiapplication.cpp:539]: Processing Tick: 1884.10.27
[17:54:50][jominiapplication.cpp:539]: Processing Tick: 1884.10.27.6
[17:54:51][jominiapplication.cpp:539]: Processing Tick: 1884.10.27.12
[17:54:51][jominiapplication.cpp:539]: Processing Tick: 1884.10.27.18
[17:54:51][jominiapplication.cpp:539]: Processing Tick: 1884.10.28
[17:54:51][jominiapplication.cpp:539]: Processing Tick: 1884.10.28.6
[17:54:51][jominiapplication.cpp:539]: Processing Tick: 1884.10.28.12
[17:54:51][jominiapplication.cpp:539]: Processing Tick: 1884.10.28.18
[17:54:52][jominiapplication.cpp:539]: Processing Tick: 1884.10.29
[17:54:52][jominiapplication.cpp:539]: Processing Tick: 1884.10.29.6
[17:54:52][jominiapplication.cpp:539]: Processing Tick: 1884.10.29.12
[17:54:52][jominiapplication.cpp:539]: Processing Tick: 1884.10.29.18
[17:54:52][jominiapplication.cpp:539]: Processing Tick: 1884.10.30
[17:54:52][jominiapplication.cpp:539]: Processing Tick: 1884.10.30.6
[17:54:52][jominiapplication.cpp:539]: Processing Tick: 1884.10.30.12
[17:54:52][jominiapplication.cpp:539]: Processing Tick: 1884.10.30.18
[17:54:52][jominiapplication.cpp:539]: Processing Tick: 1884.10.31
[17:54:52][jominiapplication.cpp:539]: Processing Tick: 1884.10.31.6
[17:54:52][jominiapplication.cpp:539]: Processing Tick: 1884.10.31.12
[17:54:52][jominiapplication.cpp:539]: Processing Tick: 1884.10.31.18
[17:54:52][jominiapplication.cpp:539]: Processing Tick: 1884.11.1
[17:54:54][jominiapplication.cpp:539]: Processing Tick: 1884.11.1.6
[17:54:54][jominiapplication.cpp:539]: Processing Tick: 1884.11.1.12
[17:54:54][jominiapplication.cpp:539]: Processing Tick: 1884.11.1.18
[17:54:54][jominiapplication.cpp:539]: Processing Tick: 1884.11.2
[17:54:54][jominiapplication.cpp:539]: Processing Tick: 1884.11.2.6
[17:54:54][jominiapplication.cpp:539]: Processing Tick: 1884.11.2.12
[17:54:55][jominiapplication.cpp:539]: Processing Tick: 1884.11.2.18
[17:54:55][jominiapplication.cpp:539]: Processing Tick: 1884.11.3
[17:54:55][jominiapplication.cpp:539]: Processing Tick: 1884.11.3.6
[17:54:55][jominiapplication.cpp:539]: Processing Tick: 1884.11.3.12
[17:54:55][jominiapplication.cpp:539]: Processing Tick: 1884.11.3.18
[17:54:55][jominiapplication.cpp:539]: Processing Tick: 1884.11.4
[17:54:56][jominiapplication.cpp:539]: Processing Tick: 1884.11.4.6
[17:54:56][jominiapplication.cpp:539]: Processing Tick: 1884.11.4.12
[17:54:56][jominiapplication.cpp:539]: Processing Tick: 1884.11.4.18
[17:54:56][jominiapplication.cpp:539]: Processing Tick: 1884.11.5
[17:54:56][jominiapplication.cpp:539]: Pause Toggled! Paused: true, PlayerID: 1
[18:21:13][jominiapplication.cpp:539]: Pause Toggled! Paused: false, PlayerID: 0
[18:21:13][jominiapplication.cpp:539]: Processing Tick: 1884.11.5.6
[18:21:14][jominiapplication.cpp:539]: Processing Tick: 1884.11.5.12
[18:21:14][jominiapplication.cpp:539]: Processing Tick: 1884.11.5.18
[18:21:14][jominiapplication.cpp:539]: Processing Tick: 1884.11.6
[18:21:15][jominiapplication.cpp:539]: Processing Tick: 1884.11.6.6
[18:21:15][jominiapplication.cpp:539]: Processing Tick: 1884.11.6.12
[18:21:15][jominiapplication.cpp:539]: Processing Tick: 1884.11.6.18
[18:21:15][jominiapplication.cpp:539]: Processing Tick: 1884.11.7
[18:21:15][jominiapplication.cpp:539]: Processing Tick: 1884.11.7.6
[18:21:15][jominiapplication.cpp:539]: Processing Tick: 1884.11.7.12
[18:21:15][jominiapplication.cpp:539]: Processing Tick: 1884.11.7.18
[18:21:15][jominiapplication.cpp:539]: Processing Tick: 1884.11.8
[18:21:15][jominiapplication.cpp:539]: Processing Tick: 1884.11.8.6
[18:21:15][jominiapplication.cpp:539]: Processing Tick: 1884.11.8.12
[18:21:15][jominiapplication.cpp:539]: Processing Tick: 1884.11.8.18
[18:21:15][jominiapplication.cpp:539]: Processing Tick: 1884.11.9
[18:21:16][jominiapplication.cpp:539]: Processing Tick: 1884.11.9.6
[18:21:16][jominiapplication.cpp:539]: Processing Tick: 1884.11.9.12
[18:21:16][jominiapplication.cpp:539]: Processing Tick: 1884.11.9.18
[18:21:16][jominiapplication.cpp:539]: Processing Tick: 1884.11.10
[18:21:16][jominiapplication.cpp:539]: Processing Tick: 1884.11.10.6
[18:21:16][jominiapplication.cpp:539]: Processing Tick: 1884.11.10.12
[18:21:16][jominiapplication.cpp:539]: Processing Tick: 1884.11.10.18
[18:21:16][jominiapplication.cpp:539]: Processing Tick: 1884.11.11
